// Jest Snapshot v1, https://goo.gl/fbAQLP

exports[`Testing PageNotFound component... should match PageNotFound snapshot 1`] = `
<div
  className="container"
  data-testid="page-not-found"
>
  <h1
    className="title"
  >
    404
  </h1>
  <h2>
    Page not found
  </h2>
  <h3>
    The page you requested could not be found
  </h3>
</div>
`;
